{"level":"info","message":"[로그인화면]::ffff:192.168.0.239"}
